// Jest Snapshot v1, https://goo.gl/fbAQLP

exports[`fetching multiple breweries by name 1`] = `
Object {
  "data": Object {
    "withParams": Array [
      Object {
        "brewery_type": "micro",
        "city": "San Diego",
        "country": "United States",
        "id": 286,
        "name": "Abnormal Beer Company",
        "phone": "8586182463",
        "postal_code": "92127-1649",
        "state": "California",
        "street": "16990 Via Tazon Ste 123",
        "website_url": "http://abnormalbeer.co",
      },
      Object {
        "brewery_type": "micro",
        "city": "Livermore",
        "country": "United States",
        "id": 305,
        "name": "Altamont Beer Works",
        "phone": "9254432337",
        "postal_code": "94550-3850",
        "state": "California",
        "street": "2402 Research Dr",
        "website_url": "http://www.altamontbeerworks.com",
      },
      Object {
        "brewery_type": "regional",
        "city": "San Francisco",
        "country": "United States",
        "id": 612,
        "name": "Fort Point Beer Company",
        "phone": "4159064021",
        "postal_code": "94129-1600",
        "state": "California",
        "street": "644 Mason St",
        "website_url": "http://www.fortpointbeer.com",
      },
      Object {
        "brewery_type": "micro",
        "city": "Long Beach",
        "country": "United States",
        "id": 786,
        "name": "Long Beach Beer Lab",
        "phone": "5623413659",
        "postal_code": "90806-2831",
        "state": "California",
        "street": "518 W Willow St",
        "website_url": "http://www.lbbeer.com",
      },
      Object {
        "brewery_type": "micro",
        "city": "Julian",
        "country": "United States",
        "id": 851,
        "name": "Nickel Beer Co",
        "phone": "7607652337",
        "postal_code": "92036",
        "state": "California",
        "street": "1485 Hollow Glen Rd",
        "website_url": "http://www.nickelbeerco.com",
      },
      Object {
        "brewery_type": "proprietor",
        "city": "San Francisco",
        "country": "United States",
        "id": 1069,
        "name": "Sufferfest Beer Company",
        "phone": "4152386431",
        "postal_code": "94123-3404",
        "state": "California",
        "street": "1770 UNION STREET",
        "website_url": "http://www.sufferfestbeer.com",
      },
      Object {
        "brewery_type": "contract",
        "city": null,
        "country": "United States",
        "id": 2217,
        "name": "Yes Face Beer",
        "phone": "4042133867",
        "postal_code": null,
        "state": null,
        "street": "",
        "website_url": "",
      },
      Object {
        "brewery_type": "micro",
        "city": "Denver",
        "country": "United States",
        "id": 1516,
        "name": "Ratio Beerworks",
        "phone": "3102669264",
        "postal_code": "80205-2309",
        "state": "Colorado",
        "street": "2920 Larimer St",
        "website_url": "http://ratiobeerworks.com",
      },
      Object {
        "brewery_type": "micro",
        "city": "Fort Collins",
        "country": "United States",
        "id": 1520,
        "name": "Red Truck Beer Company Ltd.",
        "phone": "6046824733",
        "postal_code": "80524-2509",
        "state": "Colorado",
        "street": "1020 E Lincoln Ave",
        "website_url": "",
      },
      Object {
        "brewery_type": "contract",
        "city": "Denver",
        "country": "United States",
        "id": 1582,
        "name": "The Larimer Beer Company",
        "phone": "7205076369",
        "postal_code": "80207-1508",
        "state": "Colorado",
        "street": "3620 Newport St",
        "website_url": "http://www.thelarimer.com",
      },
      Object {
        "brewery_type": "contract",
        "city": "Westport",
        "country": "United States",
        "id": 1646,
        "name": "Beaver Beer Co",
        "phone": "",
        "postal_code": "06880-6227",
        "state": "Connecticut",
        "street": "307 Greens Farms Rd",
        "website_url": "http://www.beaverbeer.com",
      },
      Object {
        "brewery_type": "micro",
        "city": "Cocoa",
        "country": "United States",
        "id": 1899,
        "name": "Dirty Oar Beer Company",
        "phone": "",
        "postal_code": "32922-4607",
        "state": "Florida",
        "street": "329 W King St",
        "website_url": "http://dirtyoarbeercompany.com/",
      },
      Object {
        "brewery_type": "micro",
        "city": "Orlando",
        "country": "United States",
        "id": 2033,
        "name": "Redlight Redlight Beer Parlour and Brewery",
        "phone": "4078939832",
        "postal_code": "32803-2226",
        "state": "Florida",
        "street": "2810 Corrine Dr",
        "website_url": "http://www.redlightredlightbeerparlour.com",
      },
      Object {
        "brewery_type": "micro",
        "city": "Honolulu",
        "country": "United States",
        "id": 2219,
        "name": "Beer Lab HI",
        "phone": "8088880913",
        "postal_code": "96826-1537",
        "state": "Hawaii",
        "street": "1010 University Ave Ste B1",
        "website_url": "http://www.beerlabhi.com",
      },
      Object {
        "brewery_type": "brewpub",
        "city": "Carmel",
        "country": "United States",
        "id": 2616,
        "name": "Danny Boy Beer Works",
        "phone": "3176698080",
        "postal_code": "46032-7292",
        "state": "Indiana",
        "street": "12702 Meeting House Rd",
        "website_url": "http://www.dannyboybeerworks.com",
      },
      Object {
        "brewery_type": "contract",
        "city": "Louisville",
        "country": "United States",
        "id": 2920,
        "name": "Sterling Beer Co.",
        "phone": "5022338485",
        "postal_code": "40213-1330",
        "state": "Kentucky",
        "street": "3214 Preston Hwy",
        "website_url": "http://www.sterlingbeer.com",
      },
      Object {
        "brewery_type": "proprietor",
        "city": "Hingham",
        "country": "United States",
        "id": 3279,
        "name": "Entitled Beer Company",
        "phone": "7817401035",
        "postal_code": "02043-",
        "state": "Massachusetts",
        "street": "21 North St",
        "website_url": "http://www.entitledbrewing.com",
      },
      Object {
        "brewery_type": "brewpub",
        "city": "Boston",
        "country": "United States",
        "id": 3354,
        "name": "Slesar Bros Brewing Co - Boston Beer Works",
        "phone": "6178962337",
        "postal_code": "02114-1805",
        "state": "Massachusetts",
        "street": "112 Canal St",
        "website_url": "http://www.beerworks.net",
      },
      Object {
        "brewery_type": "micro",
        "city": "Carlsbad",
        "country": "United States",
        "id": 512,
        "name": "Culver Beer Company",
        "phone": "7608142355",
        "postal_code": "92010-6679",
        "state": "California",
        "street": "2719 Loker Ave W Ste D",
        "website_url": "http://www.culverbeer.com",
      },
      Object {
        "brewery_type": "micro",
        "city": "Saint Paul",
        "country": "United States",
        "id": 3785,
        "name": "Barrel Theory Beer Company",
        "phone": "6516003422",
        "postal_code": "55101-2349",
        "state": "Minnesota",
        "street": "248 7th St E",
        "website_url": "http://www.barreltheory.com",
      },
    ],
  },
  "errors": undefined,
  "extensions": undefined,
  "http": Object {
    "headers": Headers {
      Symbol(map): Object {},
    },
  },
}
`;

exports[`fetching multiple breweries by name and city 1`] = `
Object {
  "data": Object {
    "withParams": Array [
      Object {
        "brewery_type": "micro",
        "city": "Seattle",
        "country": "United States",
        "id": 7499,
        "name": "Hellbent Brewing Company",
        "phone": "2063613707",
        "postal_code": "98125-4428",
        "state": "Washington",
        "street": "13035 Lake City Way NE",
        "website_url": "http://www.hellbentbrewingcompany.com",
      },
    ],
  },
  "errors": undefined,
  "extensions": undefined,
  "http": Object {
    "headers": Headers {
      Symbol(map): Object {},
    },
  },
}
`;

exports[`fetching single brewery by name 1`] = `
Object {
  "data": Object {
    "breweryById": Object {
      "brewery_type": "planning",
      "city": "Spanish Fort",
      "id": 1,
      "name": "5 Rivers Brewing LLC",
      "phone": "2516897483",
      "postal_code": "36527-3161",
      "state": "Alabama",
      "street": "",
      "website_url": "http://5riversbrewing.com",
    },
  },
  "errors": undefined,
  "extensions": undefined,
  "http": Object {
    "headers": Headers {
      Symbol(map): Object {},
    },
  },
}
`;
